#-----------------------------------------------------------
# Vivado v2023.2 (64-bit)
# SW Build 4029153 on Fri Oct 13 20:13:54 MDT 2023
# IP Build 4028589 on Sat Oct 14 00:45:43 MDT 2023
# SharedData Build 4025554 on Tue Oct 10 17:18:54 MDT 2023
# Start of session at: Fri Apr 17 10:17:12 2026
# Process ID: 14688
# Current directory: /home/luukieboy/Documents/thesis/SignalGenerator/adrv9364z7020/ccbob_lvds/adrv9364z7020_ccbob_lvds.runs/impl_1
# Command line: vivado -log system_wrapper.vdi -applog -product Vivado -messageDb vivado.pb -mode batch -source system_wrapper.tcl -notrace
# Log file: /home/luukieboy/Documents/thesis/SignalGenerator/adrv9364z7020/ccbob_lvds/adrv9364z7020_ccbob_lvds.runs/impl_1/system_wrapper.vdi
# Journal file: /home/luukieboy/Documents/thesis/SignalGenerator/adrv9364z7020/ccbob_lvds/adrv9364z7020_ccbob_lvds.runs/impl_1/vivado.jou
# Running On: Sevro, OS: Linux, CPU Frequency: 2700.000 MHz, CPU Physical cores: 6, Host memory: 16505 MB
#-----------------------------------------------------------
source system_wrapper.tcl -notrace
