
*** Running vivado
    with args -log system_axi_sysid_0_0.vds -m64 -product Vivado -mode batch -messageDb vivado.pb -notrace -source system_axi_sysid_0_0.tcl


****** Vivado v2023.2 (64-bit)
  **** SW Build 4029153 on Fri Oct 13 20:13:54 MDT 2023
  **** IP Build 4028589 on Sat Oct 14 00:45:43 MDT 2023
  **** SharedData Build 4025554 on Tue Oct 10 17:18:54 MDT 2023
    ** Copyright 1986-2022 Xilinx, Inc. All Rights Reserved.
    ** Copyright 2022-2023 Advanced Micro Devices, Inc. All Rights Reserved.

source system_axi_sysid_0_0.tcl -notrace
create_project: Time (s): cpu = 00:00:05 ; elapsed = 00:00:05 . Memory (MB): peak = 1326.316 ; gain = 0.023 ; free physical = 160 ; free virtual = 7657
INFO: [IP_Flow 19-234] Refreshing IP repositories
INFO: [IP_Flow 19-1700] Loaded user IP repository '/home/luukieboy/Documents/thesis/hdl/library'.
INFO: [IP_Flow 19-2313] Loaded Vivado IP repository '/tools/Xilinx/Vivado/2023.2/data/ip'.
INFO: [IP_Flow 19-6924] IPCACHE: Running cache check for IP inst: system_axi_sysid_0_0
INFO: [IP_Flow 19-6922] IPCACHE: Exporting cached entry 467c350de272d19f to dir: /home/luukieboy/Documents/thesis/hdl/projects/adrv9364z7020/ccbob_lvds/adrv9364z7020_ccbob_lvds.runs/system_axi_sysid_0_0_synth_1
INFO: [IP_Flow 19-6928] IPCACHE: copied cached file /home/luukieboy/Documents/thesis/hdl/ipcache/4/6/467c350de272d19f/system_axi_sysid_0_0.dcp to /home/luukieboy/Documents/thesis/hdl/projects/adrv9364z7020/ccbob_lvds/adrv9364z7020_ccbob_lvds.runs/system_axi_sysid_0_0_synth_1/system_axi_sysid_0_0.dcp.
INFO: [IP_Flow 19-6928] IPCACHE: copied cached file /home/luukieboy/Documents/thesis/hdl/ipcache/4/6/467c350de272d19f/system_axi_sysid_0_0_stub.vhdl to /home/luukieboy/Documents/thesis/hdl/projects/adrv9364z7020/ccbob_lvds/adrv9364z7020_ccbob_lvds.runs/system_axi_sysid_0_0_synth_1/system_axi_sysid_0_0_stub.vhdl.
INFO: [IP_Flow 19-6928] IPCACHE: copied cached file /home/luukieboy/Documents/thesis/hdl/ipcache/4/6/467c350de272d19f/system_axi_sysid_0_0_sim_netlist.v to /home/luukieboy/Documents/thesis/hdl/projects/adrv9364z7020/ccbob_lvds/adrv9364z7020_ccbob_lvds.runs/system_axi_sysid_0_0_synth_1/system_axi_sysid_0_0_sim_netlist.v.
INFO: [IP_Flow 19-6928] IPCACHE: copied cached file /home/luukieboy/Documents/thesis/hdl/ipcache/4/6/467c350de272d19f/system_axi_sysid_0_0_stub.v to /home/luukieboy/Documents/thesis/hdl/projects/adrv9364z7020/ccbob_lvds/adrv9364z7020_ccbob_lvds.runs/system_axi_sysid_0_0_synth_1/system_axi_sysid_0_0_stub.v.
INFO: [IP_Flow 19-6928] IPCACHE: copied cached file /home/luukieboy/Documents/thesis/hdl/ipcache/4/6/467c350de272d19f/system_axi_sysid_0_0_sim_netlist.vhdl to /home/luukieboy/Documents/thesis/hdl/projects/adrv9364z7020/ccbob_lvds/adrv9364z7020_ccbob_lvds.runs/system_axi_sysid_0_0_synth_1/system_axi_sysid_0_0_sim_netlist.vhdl.
INFO: [IP_Flow 19-4838] Using cached IP synthesis design for IP system_axi_sysid_0_0, cache-ID = 467c350de272d19f.
INFO: [Common 17-206] Exiting Vivado at Thu Apr 16 14:20:42 2026...
