#-----------------------------------------------------------
# Vivado v2023.2 (64-bit)
# SW Build 4029153 on Fri Oct 13 20:13:54 MDT 2023
# IP Build 4028589 on Sat Oct 14 00:45:43 MDT 2023
# SharedData Build 4025554 on Tue Oct 10 17:18:54 MDT 2023
# Start of session at: Thu Apr 16 14:21:08 2026
# Process ID: 20519
# Current directory: /home/luukieboy/Documents/thesis/hdl/projects/adrv9364z7020/ccbob_lvds/adrv9364z7020_ccbob_lvds.runs/system_axi_ad9361_adc_dma_0_synth_1
# Command line: vivado -log system_axi_ad9361_adc_dma_0.vds -product Vivado -mode batch -messageDb vivado.pb -notrace -source system_axi_ad9361_adc_dma_0.tcl
# Log file: /home/luukieboy/Documents/thesis/hdl/projects/adrv9364z7020/ccbob_lvds/adrv9364z7020_ccbob_lvds.runs/system_axi_ad9361_adc_dma_0_synth_1/system_axi_ad9361_adc_dma_0.vds
# Journal file: /home/luukieboy/Documents/thesis/hdl/projects/adrv9364z7020/ccbob_lvds/adrv9364z7020_ccbob_lvds.runs/system_axi_ad9361_adc_dma_0_synth_1/vivado.jou
# Running On: Sevro, OS: Linux, CPU Frequency: 2700.000 MHz, CPU Physical cores: 6, Host memory: 16505 MB
#-----------------------------------------------------------
source system_axi_ad9361_adc_dma_0.tcl -notrace
