rx_frame_in_n i_system_wrapper/system_i/axi_ad9361/inst/i_dev_if/i_rx_frame/i_rx_data_iddr/D 1.820ns
rx_data_in_n[0] i_system_wrapper/system_i/axi_ad9361/inst/i_dev_if/g_rx_data[0].i_rx_data/i_rx_data_iddr/D 1.759ns
rx_data_in_n[1] i_system_wrapper/system_i/axi_ad9361/inst/i_dev_if/g_rx_data[1].i_rx_data/i_rx_data_iddr/D 1.756ns
rx_data_in_n[3] i_system_wrapper/system_i/axi_ad9361/inst/i_dev_if/g_rx_data[3].i_rx_data/i_rx_data_iddr/D 1.750ns
rx_data_in_n[4] i_system_wrapper/system_i/axi_ad9361/inst/i_dev_if/g_rx_data[4].i_rx_data/i_rx_data_iddr/D 1.745ns
rx_data_in_n[5] i_system_wrapper/system_i/axi_ad9361/inst/i_dev_if/g_rx_data[5].i_rx_data/i_rx_data_iddr/D 1.738ns
rx_data_in_n[2] i_system_wrapper/system_i/axi_ad9361/inst/i_dev_if/g_rx_data[2].i_rx_data/i_rx_data_iddr/D 1.727ns
rx_clk_in_p i_system_wrapper/system_i/axi_ad9361/inst/i_dev_if/g_rx_data[0].i_rx_data/i_rx_data_iddr/C 5.648ns
rx_clk_in_p i_system_wrapper/system_i/axi_ad9361/inst/i_dev_if/g_rx_data[1].i_rx_data/i_rx_data_iddr/C 5.647ns
rx_clk_in_p i_system_wrapper/system_i/axi_ad9361/inst/i_dev_if/g_rx_data[2].i_rx_data/i_rx_data_iddr/C 5.645ns
rx_clk_in_p i_system_wrapper/system_i/axi_ad9361/inst/i_dev_if/g_rx_data[3].i_rx_data/i_rx_data_iddr/C 5.645ns
rx_clk_in_p i_system_wrapper/system_i/axi_ad9361/inst/i_dev_if/g_rx_data[4].i_rx_data/i_rx_data_iddr/C 5.644ns
rx_clk_in_p i_system_wrapper/system_i/axi_ad9361/inst/i_dev_if/g_rx_data[5].i_rx_data/i_rx_data_iddr/C 5.644ns
rx_clk_in_p i_system_wrapper/system_i/axi_ad9361/inst/i_dev_if/i_rx_frame/i_rx_data_iddr/C 5.641ns

Details:

Slack:                    inf
  Source:                 rx_frame_in_n
                            (input port)
  Destination:            i_system_wrapper/system_i/axi_ad9361/inst/i_dev_if/i_rx_frame/i_rx_data_iddr/D
                            (rising edge-triggered cell IDDR clocked by rx_clk  {rise@0.000ns fall@4.000ns period=8.000ns})
  Path Group:             (none)
  Path Type:              Setup (Max at Slow Process Corner)
  Data Path Delay:        1.820ns  (logic 1.820ns (100.000%)  route 0.000ns (0.000%))
  Logic Levels:           2  (IBUFDS=1 IDELAYE2=1)
  Clock Path Skew:        5.118ns (DCD - SCD + CPR)
    Destination Clock Delay (DCD):    5.118ns = ( 9.118 - 4.000 ) 
    Source Clock Delay      (SCD):    0.000ns
    Clock Pessimism Removal (CPR):    0.000ns
  Clock Uncertainty:      0.025ns  ((TSJ^2 + TIJ^2)^1/2 + DJ) / 2 + PE
    Total System Jitter     (TSJ):    0.050ns
    Total Input Jitter      (TIJ):    0.000ns
    Discrete Jitter          (DJ):    0.000ns
    Phase Error              (PE):    0.000ns

    Location             Delay type                Incr(ns)  Path(ns)    Netlist Resource(s)
  -------------------------------------------------------------------    -------------------
    M20                                               0.000     0.000 f  rx_frame_in_n (IN)
                         net (fo=0)                   0.000     0.000    i_system_wrapper/system_i/axi_ad9361/inst/i_dev_if/i_rx_frame/rx_frame_in_n
    M19                  IBUFDS (Prop_ibufds_IB_O)    1.004     1.004 r  i_system_wrapper/system_i/axi_ad9361/inst/i_dev_if/i_rx_frame/i_rx_data_ibuf/O
                         net (fo=1, routed)           0.000     1.004    i_system_wrapper/system_i/axi_ad9361/inst/i_dev_if/i_rx_frame/rx_data_ibuf_s
    IDELAY_X1Y136        IDELAYE2 (Prop_idelaye2_IDATAIN_DATAOUT)
                                                      0.816     1.820 r  i_system_wrapper/system_i/axi_ad9361/inst/i_dev_if/i_rx_frame/i_rx_data_idelay/DATAOUT
                         net (fo=1, routed)           0.000     1.820    i_system_wrapper/system_i/axi_ad9361/inst/i_dev_if/i_rx_frame/rx_data_idelay_s
    ILOGIC_X1Y136        IDDR                                         r  i_system_wrapper/system_i/axi_ad9361/inst/i_dev_if/i_rx_frame/i_rx_data_iddr/D
  -------------------------------------------------------------------    -------------------

                         (clock rx_clk fall edge)     4.000     4.000 f  
    K17                                               0.000     4.000 f  rx_clk_in_p (IN)
                         net (fo=0)                   0.000     4.000    i_system_wrapper/system_i/axi_ad9361/inst/i_dev_if/i_clk/rx_clk_in_p
    K17                  IBUFDS (Prop_ibufds_I_O)     0.900     4.900 f  i_system_wrapper/system_i/axi_ad9361/inst/i_dev_if/i_clk/i_rx_clk_ibuf/O
                         net (fo=1, routed)           2.293     7.193    i_system_wrapper/system_i/axi_ad9361/inst/i_dev_if/i_clk/clk_ibuf_s
    BUFGCTRL_X0Y17       BUFG (Prop_bufg_I_O)         0.092     7.285 f  i_system_wrapper/system_i/axi_ad9361/inst/i_dev_if/i_clk/i_clk_gbuf/O
                         net (fo=6152, routed)        1.833     9.118    i_system_wrapper/system_i/axi_ad9361/inst/i_dev_if/i_rx_frame/clk
    ILOGIC_X1Y136        IDDR                                         f  i_system_wrapper/system_i/axi_ad9361/inst/i_dev_if/i_rx_frame/i_rx_data_iddr/C

Slack:                    inf
  Source:                 rx_data_in_n[0]
                            (input port)
  Destination:            i_system_wrapper/system_i/axi_ad9361/inst/i_dev_if/g_rx_data[0].i_rx_data/i_rx_data_iddr/D
                            (rising edge-triggered cell IDDR clocked by rx_clk  {rise@0.000ns fall@4.000ns period=8.000ns})
  Path Group:             (none)
  Path Type:              Setup (Max at Slow Process Corner)
  Data Path Delay:        1.759ns  (logic 1.759ns (100.000%)  route 0.000ns (0.000%))
  Logic Levels:           2  (IBUFDS=1 IDELAYE2=1)
  Clock Path Skew:        5.124ns (DCD - SCD + CPR)
    Destination Clock Delay (DCD):    5.124ns = ( 9.124 - 4.000 ) 
    Source Clock Delay      (SCD):    0.000ns
    Clock Pessimism Removal (CPR):    0.000ns
  Clock Uncertainty:      0.025ns  ((TSJ^2 + TIJ^2)^1/2 + DJ) / 2 + PE
    Total System Jitter     (TSJ):    0.050ns
    Total Input Jitter      (TIJ):    0.000ns
    Discrete Jitter          (DJ):    0.000ns
    Phase Error              (PE):    0.000ns

    Location             Delay type                Incr(ns)  Path(ns)    Netlist Resource(s)
  -------------------------------------------------------------------    -------------------
    B20                                               0.000     0.000 f  rx_data_in_n[0] (IN)
                         net (fo=0)                   0.000     0.000    i_system_wrapper/system_i/axi_ad9361/inst/i_dev_if/g_rx_data[0].i_rx_data/rx_data_in_n[0]
    C20                  IBUFDS (Prop_ibufds_IB_O)    0.943     0.943 r  i_system_wrapper/system_i/axi_ad9361/inst/i_dev_if/g_rx_data[0].i_rx_data/i_rx_data_ibuf/O
                         net (fo=1, routed)           0.000     0.943    i_system_wrapper/system_i/axi_ad9361/inst/i_dev_if/g_rx_data[0].i_rx_data/rx_data_ibuf_s
    IDELAY_X1Y148        IDELAYE2 (Prop_idelaye2_IDATAIN_DATAOUT)
                                                      0.816     1.759 r  i_system_wrapper/system_i/axi_ad9361/inst/i_dev_if/g_rx_data[0].i_rx_data/i_rx_data_idelay/DATAOUT
                         net (fo=1, routed)           0.000     1.759    i_system_wrapper/system_i/axi_ad9361/inst/i_dev_if/g_rx_data[0].i_rx_data/rx_data_idelay_s
    ILOGIC_X1Y148        IDDR                                         r  i_system_wrapper/system_i/axi_ad9361/inst/i_dev_if/g_rx_data[0].i_rx_data/i_rx_data_iddr/D
  -------------------------------------------------------------------    -------------------

                         (clock rx_clk fall edge)     4.000     4.000 f  
    K17                                               0.000     4.000 f  rx_clk_in_p (IN)
                         net (fo=0)                   0.000     4.000    i_system_wrapper/system_i/axi_ad9361/inst/i_dev_if/i_clk/rx_clk_in_p
    K17                  IBUFDS (Prop_ibufds_I_O)     0.900     4.900 f  i_system_wrapper/system_i/axi_ad9361/inst/i_dev_if/i_clk/i_rx_clk_ibuf/O
                         net (fo=1, routed)           2.293     7.193    i_system_wrapper/system_i/axi_ad9361/inst/i_dev_if/i_clk/clk_ibuf_s
    BUFGCTRL_X0Y17       BUFG (Prop_bufg_I_O)         0.092     7.285 f  i_system_wrapper/system_i/axi_ad9361/inst/i_dev_if/i_clk/i_clk_gbuf/O
                         net (fo=6152, routed)        1.839     9.124    i_system_wrapper/system_i/axi_ad9361/inst/i_dev_if/g_rx_data[0].i_rx_data/clk
    ILOGIC_X1Y148        IDDR                                         f  i_system_wrapper/system_i/axi_ad9361/inst/i_dev_if/g_rx_data[0].i_rx_data/i_rx_data_iddr/C

Slack:                    inf
  Source:                 rx_data_in_n[1]
                            (input port)
  Destination:            i_system_wrapper/system_i/axi_ad9361/inst/i_dev_if/g_rx_data[1].i_rx_data/i_rx_data_iddr/D
                            (rising edge-triggered cell IDDR clocked by rx_clk  {rise@0.000ns fall@4.000ns period=8.000ns})
  Path Group:             (none)
  Path Type:              Setup (Max at Slow Process Corner)
  Data Path Delay:        1.756ns  (logic 1.756ns (100.000%)  route 0.000ns (0.000%))
  Logic Levels:           2  (IBUFDS=1 IDELAYE2=1)
  Clock Path Skew:        5.123ns (DCD - SCD + CPR)
    Destination Clock Delay (DCD):    5.123ns = ( 9.123 - 4.000 ) 
    Source Clock Delay      (SCD):    0.000ns
    Clock Pessimism Removal (CPR):    0.000ns
  Clock Uncertainty:      0.025ns  ((TSJ^2 + TIJ^2)^1/2 + DJ) / 2 + PE
    Total System Jitter     (TSJ):    0.050ns
    Total Input Jitter      (TIJ):    0.000ns
    Discrete Jitter          (DJ):    0.000ns
    Phase Error              (PE):    0.000ns

    Location             Delay type                Incr(ns)  Path(ns)    Netlist Resource(s)
  -------------------------------------------------------------------    -------------------
    A20                                               0.000     0.000 f  rx_data_in_n[1] (IN)
                         net (fo=0)                   0.000     0.000    i_system_wrapper/system_i/axi_ad9361/inst/i_dev_if/g_rx_data[1].i_rx_data/rx_data_in_n[0]
    B19                  IBUFDS (Prop_ibufds_IB_O)    0.940     0.940 r  i_system_wrapper/system_i/axi_ad9361/inst/i_dev_if/g_rx_data[1].i_rx_data/i_rx_data_ibuf/O
                         net (fo=1, routed)           0.000     0.940    i_system_wrapper/system_i/axi_ad9361/inst/i_dev_if/g_rx_data[1].i_rx_data/rx_data_ibuf_s
    IDELAY_X1Y146        IDELAYE2 (Prop_idelaye2_IDATAIN_DATAOUT)
                                                      0.816     1.756 r  i_system_wrapper/system_i/axi_ad9361/inst/i_dev_if/g_rx_data[1].i_rx_data/i_rx_data_idelay/DATAOUT
                         net (fo=1, routed)           0.000     1.756    i_system_wrapper/system_i/axi_ad9361/inst/i_dev_if/g_rx_data[1].i_rx_data/rx_data_idelay_s
    ILOGIC_X1Y146        IDDR                                         r  i_system_wrapper/system_i/axi_ad9361/inst/i_dev_if/g_rx_data[1].i_rx_data/i_rx_data_iddr/D
  -------------------------------------------------------------------    -------------------

                         (clock rx_clk fall edge)     4.000     4.000 f  
    K17                                               0.000     4.000 f  rx_clk_in_p (IN)
                         net (fo=0)                   0.000     4.000    i_system_wrapper/system_i/axi_ad9361/inst/i_dev_if/i_clk/rx_clk_in_p
    K17                  IBUFDS (Prop_ibufds_I_O)     0.900     4.900 f  i_system_wrapper/system_i/axi_ad9361/inst/i_dev_if/i_clk/i_rx_clk_ibuf/O
                         net (fo=1, routed)           2.293     7.193    i_system_wrapper/system_i/axi_ad9361/inst/i_dev_if/i_clk/clk_ibuf_s
    BUFGCTRL_X0Y17       BUFG (Prop_bufg_I_O)         0.092     7.285 f  i_system_wrapper/system_i/axi_ad9361/inst/i_dev_if/i_clk/i_clk_gbuf/O
                         net (fo=6152, routed)        1.838     9.123    i_system_wrapper/system_i/axi_ad9361/inst/i_dev_if/g_rx_data[1].i_rx_data/clk
    ILOGIC_X1Y146        IDDR                                         f  i_system_wrapper/system_i/axi_ad9361/inst/i_dev_if/g_rx_data[1].i_rx_data/i_rx_data_iddr/C

Slack:                    inf
  Source:                 rx_data_in_n[3]
                            (input port)
  Destination:            i_system_wrapper/system_i/axi_ad9361/inst/i_dev_if/g_rx_data[3].i_rx_data/i_rx_data_iddr/D
                            (rising edge-triggered cell IDDR clocked by rx_clk  {rise@0.000ns fall@4.000ns period=8.000ns})
  Path Group:             (none)
  Path Type:              Setup (Max at Slow Process Corner)
  Data Path Delay:        1.750ns  (logic 1.750ns (100.000%)  route 0.000ns (0.000%))
  Logic Levels:           2  (IBUFDS=1 IDELAYE2=1)
  Clock Path Skew:        5.122ns (DCD - SCD + CPR)
    Destination Clock Delay (DCD):    5.122ns = ( 9.122 - 4.000 ) 
    Source Clock Delay      (SCD):    0.000ns
    Clock Pessimism Removal (CPR):    0.000ns
  Clock Uncertainty:      0.025ns  ((TSJ^2 + TIJ^2)^1/2 + DJ) / 2 + PE
    Total System Jitter     (TSJ):    0.050ns
    Total Input Jitter      (TIJ):    0.000ns
    Discrete Jitter          (DJ):    0.000ns
    Phase Error              (PE):    0.000ns

    Location             Delay type                Incr(ns)  Path(ns)    Netlist Resource(s)
  -------------------------------------------------------------------    -------------------
    D20                                               0.000     0.000 f  rx_data_in_n[3] (IN)
                         net (fo=0)                   0.000     0.000    i_system_wrapper/system_i/axi_ad9361/inst/i_dev_if/g_rx_data[3].i_rx_data/rx_data_in_n[0]
    D19                  IBUFDS (Prop_ibufds_IB_O)    0.934     0.934 r  i_system_wrapper/system_i/axi_ad9361/inst/i_dev_if/g_rx_data[3].i_rx_data/i_rx_data_ibuf/O
                         net (fo=1, routed)           0.000     0.934    i_system_wrapper/system_i/axi_ad9361/inst/i_dev_if/g_rx_data[3].i_rx_data/rx_data_ibuf_s
    IDELAY_X1Y142        IDELAYE2 (Prop_idelaye2_IDATAIN_DATAOUT)
                                                      0.816     1.750 r  i_system_wrapper/system_i/axi_ad9361/inst/i_dev_if/g_rx_data[3].i_rx_data/i_rx_data_idelay/DATAOUT
                         net (fo=1, routed)           0.000     1.750    i_system_wrapper/system_i/axi_ad9361/inst/i_dev_if/g_rx_data[3].i_rx_data/rx_data_idelay_s
    ILOGIC_X1Y142        IDDR                                         r  i_system_wrapper/system_i/axi_ad9361/inst/i_dev_if/g_rx_data[3].i_rx_data/i_rx_data_iddr/D
  -------------------------------------------------------------------    -------------------

                         (clock rx_clk fall edge)     4.000     4.000 f  
    K17                                               0.000     4.000 f  rx_clk_in_p (IN)
                         net (fo=0)                   0.000     4.000    i_system_wrapper/system_i/axi_ad9361/inst/i_dev_if/i_clk/rx_clk_in_p
    K17                  IBUFDS (Prop_ibufds_I_O)     0.900     4.900 f  i_system_wrapper/system_i/axi_ad9361/inst/i_dev_if/i_clk/i_rx_clk_ibuf/O
                         net (fo=1, routed)           2.293     7.193    i_system_wrapper/system_i/axi_ad9361/inst/i_dev_if/i_clk/clk_ibuf_s
    BUFGCTRL_X0Y17       BUFG (Prop_bufg_I_O)         0.092     7.285 f  i_system_wrapper/system_i/axi_ad9361/inst/i_dev_if/i_clk/i_clk_gbuf/O
                         net (fo=6152, routed)        1.837     9.122    i_system_wrapper/system_i/axi_ad9361/inst/i_dev_if/g_rx_data[3].i_rx_data/clk
    ILOGIC_X1Y142        IDDR                                         f  i_system_wrapper/system_i/axi_ad9361/inst/i_dev_if/g_rx_data[3].i_rx_data/i_rx_data_iddr/C

Slack:                    inf
  Source:                 rx_data_in_n[4]
                            (input port)
  Destination:            i_system_wrapper/system_i/axi_ad9361/inst/i_dev_if/g_rx_data[4].i_rx_data/i_rx_data_iddr/D
                            (rising edge-triggered cell IDDR clocked by rx_clk  {rise@0.000ns fall@4.000ns period=8.000ns})
  Path Group:             (none)
  Path Type:              Setup (Max at Slow Process Corner)
  Data Path Delay:        1.745ns  (logic 1.745ns (100.000%)  route 0.000ns (0.000%))
  Logic Levels:           2  (IBUFDS=1 IDELAYE2=1)
  Clock Path Skew:        5.121ns (DCD - SCD + CPR)
    Destination Clock Delay (DCD):    5.121ns = ( 9.121 - 4.000 ) 
    Source Clock Delay      (SCD):    0.000ns
    Clock Pessimism Removal (CPR):    0.000ns
  Clock Uncertainty:      0.025ns  ((TSJ^2 + TIJ^2)^1/2 + DJ) / 2 + PE
    Total System Jitter     (TSJ):    0.050ns
    Total Input Jitter      (TIJ):    0.000ns
    Discrete Jitter          (DJ):    0.000ns
    Phase Error              (PE):    0.000ns

    Location             Delay type                Incr(ns)  Path(ns)    Netlist Resource(s)
  -------------------------------------------------------------------    -------------------
    E19                                               0.000     0.000 f  rx_data_in_n[4] (IN)
                         net (fo=0)                   0.000     0.000    i_system_wrapper/system_i/axi_ad9361/inst/i_dev_if/g_rx_data[4].i_rx_data/rx_data_in_n[0]
    E18                  IBUFDS (Prop_ibufds_IB_O)    0.929     0.929 r  i_system_wrapper/system_i/axi_ad9361/inst/i_dev_if/g_rx_data[4].i_rx_data/i_rx_data_ibuf/O
                         net (fo=1, routed)           0.000     0.929    i_system_wrapper/system_i/axi_ad9361/inst/i_dev_if/g_rx_data[4].i_rx_data/rx_data_ibuf_s
    IDELAY_X1Y140        IDELAYE2 (Prop_idelaye2_IDATAIN_DATAOUT)
                                                      0.816     1.745 r  i_system_wrapper/system_i/axi_ad9361/inst/i_dev_if/g_rx_data[4].i_rx_data/i_rx_data_idelay/DATAOUT
                         net (fo=1, routed)           0.000     1.745    i_system_wrapper/system_i/axi_ad9361/inst/i_dev_if/g_rx_data[4].i_rx_data/rx_data_idelay_s
    ILOGIC_X1Y140        IDDR                                         r  i_system_wrapper/system_i/axi_ad9361/inst/i_dev_if/g_rx_data[4].i_rx_data/i_rx_data_iddr/D
  -------------------------------------------------------------------    -------------------

                         (clock rx_clk fall edge)     4.000     4.000 f  
    K17                                               0.000     4.000 f  rx_clk_in_p (IN)
                         net (fo=0)                   0.000     4.000    i_system_wrapper/system_i/axi_ad9361/inst/i_dev_if/i_clk/rx_clk_in_p
    K17                  IBUFDS (Prop_ibufds_I_O)     0.900     4.900 f  i_system_wrapper/system_i/axi_ad9361/inst/i_dev_if/i_clk/i_rx_clk_ibuf/O
                         net (fo=1, routed)           2.293     7.193    i_system_wrapper/system_i/axi_ad9361/inst/i_dev_if/i_clk/clk_ibuf_s
    BUFGCTRL_X0Y17       BUFG (Prop_bufg_I_O)         0.092     7.285 f  i_system_wrapper/system_i/axi_ad9361/inst/i_dev_if/i_clk/i_clk_gbuf/O
                         net (fo=6152, routed)        1.836     9.121    i_system_wrapper/system_i/axi_ad9361/inst/i_dev_if/g_rx_data[4].i_rx_data/clk
    ILOGIC_X1Y140        IDDR                                         f  i_system_wrapper/system_i/axi_ad9361/inst/i_dev_if/g_rx_data[4].i_rx_data/i_rx_data_iddr/C

Slack:                    inf
  Source:                 rx_data_in_n[5]
                            (input port)
  Destination:            i_system_wrapper/system_i/axi_ad9361/inst/i_dev_if/g_rx_data[5].i_rx_data/i_rx_data_iddr/D
                            (rising edge-triggered cell IDDR clocked by rx_clk  {rise@0.000ns fall@4.000ns period=8.000ns})
  Path Group:             (none)
  Path Type:              Setup (Max at Slow Process Corner)
  Data Path Delay:        1.738ns  (logic 1.738ns (100.000%)  route 0.000ns (0.000%))
  Logic Levels:           2  (IBUFDS=1 IDELAYE2=1)
  Clock Path Skew:        5.121ns (DCD - SCD + CPR)
    Destination Clock Delay (DCD):    5.121ns = ( 9.121 - 4.000 ) 
    Source Clock Delay      (SCD):    0.000ns
    Clock Pessimism Removal (CPR):    0.000ns
  Clock Uncertainty:      0.025ns  ((TSJ^2 + TIJ^2)^1/2 + DJ) / 2 + PE
    Total System Jitter     (TSJ):    0.050ns
    Total Input Jitter      (TIJ):    0.000ns
    Discrete Jitter          (DJ):    0.000ns
    Phase Error              (PE):    0.000ns

    Location             Delay type                Incr(ns)  Path(ns)    Netlist Resource(s)
  -------------------------------------------------------------------    -------------------
    F17                                               0.000     0.000 f  rx_data_in_n[5] (IN)
                         net (fo=0)                   0.000     0.000    i_system_wrapper/system_i/axi_ad9361/inst/i_dev_if/g_rx_data[5].i_rx_data/rx_data_in_n[0]
    F16                  IBUFDS (Prop_ibufds_IB_O)    0.922     0.922 r  i_system_wrapper/system_i/axi_ad9361/inst/i_dev_if/g_rx_data[5].i_rx_data/i_rx_data_ibuf/O
                         net (fo=1, routed)           0.000     0.922    i_system_wrapper/system_i/axi_ad9361/inst/i_dev_if/g_rx_data[5].i_rx_data/rx_data_ibuf_s
    IDELAY_X1Y138        IDELAYE2 (Prop_idelaye2_IDATAIN_DATAOUT)
                                                      0.816     1.738 r  i_system_wrapper/system_i/axi_ad9361/inst/i_dev_if/g_rx_data[5].i_rx_data/i_rx_data_idelay/DATAOUT
                         net (fo=1, routed)           0.000     1.738    i_system_wrapper/system_i/axi_ad9361/inst/i_dev_if/g_rx_data[5].i_rx_data/rx_data_idelay_s
    ILOGIC_X1Y138        IDDR                                         r  i_system_wrapper/system_i/axi_ad9361/inst/i_dev_if/g_rx_data[5].i_rx_data/i_rx_data_iddr/D
  -------------------------------------------------------------------    -------------------

                         (clock rx_clk fall edge)     4.000     4.000 f  
    K17                                               0.000     4.000 f  rx_clk_in_p (IN)
                         net (fo=0)                   0.000     4.000    i_system_wrapper/system_i/axi_ad9361/inst/i_dev_if/i_clk/rx_clk_in_p
    K17                  IBUFDS (Prop_ibufds_I_O)     0.900     4.900 f  i_system_wrapper/system_i/axi_ad9361/inst/i_dev_if/i_clk/i_rx_clk_ibuf/O
                         net (fo=1, routed)           2.293     7.193    i_system_wrapper/system_i/axi_ad9361/inst/i_dev_if/i_clk/clk_ibuf_s
    BUFGCTRL_X0Y17       BUFG (Prop_bufg_I_O)         0.092     7.285 f  i_system_wrapper/system_i/axi_ad9361/inst/i_dev_if/i_clk/i_clk_gbuf/O
                         net (fo=6152, routed)        1.836     9.121    i_system_wrapper/system_i/axi_ad9361/inst/i_dev_if/g_rx_data[5].i_rx_data/clk
    ILOGIC_X1Y138        IDDR                                         f  i_system_wrapper/system_i/axi_ad9361/inst/i_dev_if/g_rx_data[5].i_rx_data/i_rx_data_iddr/C

Slack:                    inf
  Source:                 rx_data_in_n[2]
                            (input port)
  Destination:            i_system_wrapper/system_i/axi_ad9361/inst/i_dev_if/g_rx_data[2].i_rx_data/i_rx_data_iddr/D
                            (rising edge-triggered cell IDDR clocked by rx_clk  {rise@0.000ns fall@4.000ns period=8.000ns})
  Path Group:             (none)
  Path Type:              Setup (Max at Slow Process Corner)
  Data Path Delay:        1.727ns  (logic 1.727ns (100.000%)  route 0.000ns (0.000%))
  Logic Levels:           2  (IBUFDS=1 IDELAYE2=1)
  Clock Path Skew:        5.122ns (DCD - SCD + CPR)
    Destination Clock Delay (DCD):    5.122ns = ( 9.122 - 4.000 ) 
    Source Clock Delay      (SCD):    0.000ns
    Clock Pessimism Removal (CPR):    0.000ns
  Clock Uncertainty:      0.025ns  ((TSJ^2 + TIJ^2)^1/2 + DJ) / 2 + PE
    Total System Jitter     (TSJ):    0.050ns
    Total Input Jitter      (TIJ):    0.000ns
    Discrete Jitter          (DJ):    0.000ns
    Phase Error              (PE):    0.000ns

    Location             Delay type                Incr(ns)  Path(ns)    Netlist Resource(s)
  -------------------------------------------------------------------    -------------------
    D18                                               0.000     0.000 f  rx_data_in_n[2] (IN)
                         net (fo=0)                   0.000     0.000    i_system_wrapper/system_i/axi_ad9361/inst/i_dev_if/g_rx_data[2].i_rx_data/rx_data_in_n[0]
    E17                  IBUFDS (Prop_ibufds_IB_O)    0.911     0.911 r  i_system_wrapper/system_i/axi_ad9361/inst/i_dev_if/g_rx_data[2].i_rx_data/i_rx_data_ibuf/O
                         net (fo=1, routed)           0.000     0.911    i_system_wrapper/system_i/axi_ad9361/inst/i_dev_if/g_rx_data[2].i_rx_data/rx_data_ibuf_s
    IDELAY_X1Y144        IDELAYE2 (Prop_idelaye2_IDATAIN_DATAOUT)
                                                      0.816     1.727 r  i_system_wrapper/system_i/axi_ad9361/inst/i_dev_if/g_rx_data[2].i_rx_data/i_rx_data_idelay/DATAOUT
                         net (fo=1, routed)           0.000     1.727    i_system_wrapper/system_i/axi_ad9361/inst/i_dev_if/g_rx_data[2].i_rx_data/rx_data_idelay_s
    ILOGIC_X1Y144        IDDR                                         r  i_system_wrapper/system_i/axi_ad9361/inst/i_dev_if/g_rx_data[2].i_rx_data/i_rx_data_iddr/D
  -------------------------------------------------------------------    -------------------

                         (clock rx_clk fall edge)     4.000     4.000 f  
    K17                                               0.000     4.000 f  rx_clk_in_p (IN)
                         net (fo=0)                   0.000     4.000    i_system_wrapper/system_i/axi_ad9361/inst/i_dev_if/i_clk/rx_clk_in_p
    K17                  IBUFDS (Prop_ibufds_I_O)     0.900     4.900 f  i_system_wrapper/system_i/axi_ad9361/inst/i_dev_if/i_clk/i_rx_clk_ibuf/O
                         net (fo=1, routed)           2.293     7.193    i_system_wrapper/system_i/axi_ad9361/inst/i_dev_if/i_clk/clk_ibuf_s
    BUFGCTRL_X0Y17       BUFG (Prop_bufg_I_O)         0.092     7.285 f  i_system_wrapper/system_i/axi_ad9361/inst/i_dev_if/i_clk/i_clk_gbuf/O
                         net (fo=6152, routed)        1.837     9.122    i_system_wrapper/system_i/axi_ad9361/inst/i_dev_if/g_rx_data[2].i_rx_data/clk
    ILOGIC_X1Y144        IDDR                                         f  i_system_wrapper/system_i/axi_ad9361/inst/i_dev_if/g_rx_data[2].i_rx_data/i_rx_data_iddr/C

Slack:                    inf
  Source:                 rx_clk_in_p
                            (clock source 'rx_clk'  {rise@0.000ns fall@4.000ns period=8.000ns})
  Destination:            i_system_wrapper/system_i/axi_ad9361/inst/i_dev_if/g_rx_data[0].i_rx_data/i_rx_data_iddr/C
  Path Group:             (none)
  Path Type:              Max at Slow Process Corner
  Data Path Delay:        5.648ns  (logic 1.046ns (18.516%)  route 4.602ns (81.484%))
  Logic Levels:           2  (BUFG=1 IBUFDS=1)
  Clock Uncertainty:      0.025ns  ((TSJ^2 + TIJ^2)^1/2 + DJ) / 2 + PE
    Total System Jitter     (TSJ):    0.050ns
    Total Input Jitter      (TIJ):    0.000ns
    Discrete Jitter          (DJ):    0.000ns
    Phase Error              (PE):    0.000ns

    Location             Delay type                Incr(ns)  Path(ns)    Netlist Resource(s)
  -------------------------------------------------------------------    -------------------
                         (clock rx_clk fall edge)     4.000     4.000 f  
    K17                                               0.000     4.000 f  rx_clk_in_p (IN)
                         net (fo=0)                   0.000     4.000    i_system_wrapper/system_i/axi_ad9361/inst/i_dev_if/i_clk/rx_clk_in_p
    K17                  IBUFDS (Prop_ibufds_I_O)     0.944     4.944 f  i_system_wrapper/system_i/axi_ad9361/inst/i_dev_if/i_clk/i_rx_clk_ibuf/O
                         net (fo=1, routed)           2.522     7.466    i_system_wrapper/system_i/axi_ad9361/inst/i_dev_if/i_clk/clk_ibuf_s
    BUFGCTRL_X0Y17       BUFG (Prop_bufg_I_O)         0.102     7.568 f  i_system_wrapper/system_i/axi_ad9361/inst/i_dev_if/i_clk/i_clk_gbuf/O
                         net (fo=6152, routed)        2.080     9.648    i_system_wrapper/system_i/axi_ad9361/inst/i_dev_if/g_rx_data[0].i_rx_data/clk
    ILOGIC_X1Y148        IDDR                                         f  i_system_wrapper/system_i/axi_ad9361/inst/i_dev_if/g_rx_data[0].i_rx_data/i_rx_data_iddr/C
  -------------------------------------------------------------------    -------------------

Slack:                    inf
  Source:                 rx_clk_in_p
                            (clock source 'rx_clk'  {rise@0.000ns fall@4.000ns period=8.000ns})
  Destination:            i_system_wrapper/system_i/axi_ad9361/inst/i_dev_if/g_rx_data[1].i_rx_data/i_rx_data_iddr/C
  Path Group:             (none)
  Path Type:              Max at Slow Process Corner
  Data Path Delay:        5.647ns  (logic 1.046ns (18.519%)  route 4.601ns (81.481%))
  Logic Levels:           2  (BUFG=1 IBUFDS=1)
  Clock Uncertainty:      0.025ns  ((TSJ^2 + TIJ^2)^1/2 + DJ) / 2 + PE
    Total System Jitter     (TSJ):    0.050ns
    Total Input Jitter      (TIJ):    0.000ns
    Discrete Jitter          (DJ):    0.000ns
    Phase Error              (PE):    0.000ns

    Location             Delay type                Incr(ns)  Path(ns)    Netlist Resource(s)
  -------------------------------------------------------------------    -------------------
                         (clock rx_clk fall edge)     4.000     4.000 f  
    K17                                               0.000     4.000 f  rx_clk_in_p (IN)
                         net (fo=0)                   0.000     4.000    i_system_wrapper/system_i/axi_ad9361/inst/i_dev_if/i_clk/rx_clk_in_p
    K17                  IBUFDS (Prop_ibufds_I_O)     0.944     4.944 f  i_system_wrapper/system_i/axi_ad9361/inst/i_dev_if/i_clk/i_rx_clk_ibuf/O
                         net (fo=1, routed)           2.522     7.466    i_system_wrapper/system_i/axi_ad9361/inst/i_dev_if/i_clk/clk_ibuf_s
    BUFGCTRL_X0Y17       BUFG (Prop_bufg_I_O)         0.102     7.568 f  i_system_wrapper/system_i/axi_ad9361/inst/i_dev_if/i_clk/i_clk_gbuf/O
                         net (fo=6152, routed)        2.079     9.647    i_system_wrapper/system_i/axi_ad9361/inst/i_dev_if/g_rx_data[1].i_rx_data/clk
    ILOGIC_X1Y146        IDDR                                         f  i_system_wrapper/system_i/axi_ad9361/inst/i_dev_if/g_rx_data[1].i_rx_data/i_rx_data_iddr/C
  -------------------------------------------------------------------    -------------------

Slack:                    inf
  Source:                 rx_clk_in_p
                            (clock source 'rx_clk'  {rise@0.000ns fall@4.000ns period=8.000ns})
  Destination:            i_system_wrapper/system_i/axi_ad9361/inst/i_dev_if/g_rx_data[2].i_rx_data/i_rx_data_iddr/C
  Path Group:             (none)
  Path Type:              Max at Slow Process Corner
  Data Path Delay:        5.645ns  (logic 1.046ns (18.526%)  route 4.599ns (81.474%))
  Logic Levels:           2  (BUFG=1 IBUFDS=1)
  Clock Uncertainty:      0.025ns  ((TSJ^2 + TIJ^2)^1/2 + DJ) / 2 + PE
    Total System Jitter     (TSJ):    0.050ns
    Total Input Jitter      (TIJ):    0.000ns
    Discrete Jitter          (DJ):    0.000ns
    Phase Error              (PE):    0.000ns

    Location             Delay type                Incr(ns)  Path(ns)    Netlist Resource(s)
  -------------------------------------------------------------------    -------------------
                         (clock rx_clk fall edge)     4.000     4.000 f  
    K17                                               0.000     4.000 f  rx_clk_in_p (IN)
                         net (fo=0)                   0.000     4.000    i_system_wrapper/system_i/axi_ad9361/inst/i_dev_if/i_clk/rx_clk_in_p
    K17                  IBUFDS (Prop_ibufds_I_O)     0.944     4.944 f  i_system_wrapper/system_i/axi_ad9361/inst/i_dev_if/i_clk/i_rx_clk_ibuf/O
                         net (fo=1, routed)           2.522     7.466    i_system_wrapper/system_i/axi_ad9361/inst/i_dev_if/i_clk/clk_ibuf_s
    BUFGCTRL_X0Y17       BUFG (Prop_bufg_I_O)         0.102     7.568 f  i_system_wrapper/system_i/axi_ad9361/inst/i_dev_if/i_clk/i_clk_gbuf/O
                         net (fo=6152, routed)        2.077     9.645    i_system_wrapper/system_i/axi_ad9361/inst/i_dev_if/g_rx_data[2].i_rx_data/clk
    ILOGIC_X1Y144        IDDR                                         f  i_system_wrapper/system_i/axi_ad9361/inst/i_dev_if/g_rx_data[2].i_rx_data/i_rx_data_iddr/C
  -------------------------------------------------------------------    -------------------

Slack:                    inf
  Source:                 rx_clk_in_p
                            (clock source 'rx_clk'  {rise@0.000ns fall@4.000ns period=8.000ns})
  Destination:            i_system_wrapper/system_i/axi_ad9361/inst/i_dev_if/g_rx_data[3].i_rx_data/i_rx_data_iddr/C
  Path Group:             (none)
  Path Type:              Max at Slow Process Corner
  Data Path Delay:        5.645ns  (logic 1.046ns (18.526%)  route 4.599ns (81.474%))
  Logic Levels:           2  (BUFG=1 IBUFDS=1)
  Clock Uncertainty:      0.025ns  ((TSJ^2 + TIJ^2)^1/2 + DJ) / 2 + PE
    Total System Jitter     (TSJ):    0.050ns
    Total Input Jitter      (TIJ):    0.000ns
    Discrete Jitter          (DJ):    0.000ns
    Phase Error              (PE):    0.000ns

    Location             Delay type                Incr(ns)  Path(ns)    Netlist Resource(s)
  -------------------------------------------------------------------    -------------------
                         (clock rx_clk fall edge)     4.000     4.000 f  
    K17                                               0.000     4.000 f  rx_clk_in_p (IN)
                         net (fo=0)                   0.000     4.000    i_system_wrapper/system_i/axi_ad9361/inst/i_dev_if/i_clk/rx_clk_in_p
    K17                  IBUFDS (Prop_ibufds_I_O)     0.944     4.944 f  i_system_wrapper/system_i/axi_ad9361/inst/i_dev_if/i_clk/i_rx_clk_ibuf/O
                         net (fo=1, routed)           2.522     7.466    i_system_wrapper/system_i/axi_ad9361/inst/i_dev_if/i_clk/clk_ibuf_s
    BUFGCTRL_X0Y17       BUFG (Prop_bufg_I_O)         0.102     7.568 f  i_system_wrapper/system_i/axi_ad9361/inst/i_dev_if/i_clk/i_clk_gbuf/O
                         net (fo=6152, routed)        2.077     9.645    i_system_wrapper/system_i/axi_ad9361/inst/i_dev_if/g_rx_data[3].i_rx_data/clk
    ILOGIC_X1Y142        IDDR                                         f  i_system_wrapper/system_i/axi_ad9361/inst/i_dev_if/g_rx_data[3].i_rx_data/i_rx_data_iddr/C
  -------------------------------------------------------------------    -------------------

Slack:                    inf
  Source:                 rx_clk_in_p
                            (clock source 'rx_clk'  {rise@0.000ns fall@4.000ns period=8.000ns})
  Destination:            i_system_wrapper/system_i/axi_ad9361/inst/i_dev_if/g_rx_data[4].i_rx_data/i_rx_data_iddr/C
  Path Group:             (none)
  Path Type:              Max at Slow Process Corner
  Data Path Delay:        5.644ns  (logic 1.046ns (18.529%)  route 4.598ns (81.471%))
  Logic Levels:           2  (BUFG=1 IBUFDS=1)
  Clock Uncertainty:      0.025ns  ((TSJ^2 + TIJ^2)^1/2 + DJ) / 2 + PE
    Total System Jitter     (TSJ):    0.050ns
    Total Input Jitter      (TIJ):    0.000ns
    Discrete Jitter          (DJ):    0.000ns
    Phase Error              (PE):    0.000ns

    Location             Delay type                Incr(ns)  Path(ns)    Netlist Resource(s)
  -------------------------------------------------------------------    -------------------
                         (clock rx_clk fall edge)     4.000     4.000 f  
    K17                                               0.000     4.000 f  rx_clk_in_p (IN)
                         net (fo=0)                   0.000     4.000    i_system_wrapper/system_i/axi_ad9361/inst/i_dev_if/i_clk/rx_clk_in_p
    K17                  IBUFDS (Prop_ibufds_I_O)     0.944     4.944 f  i_system_wrapper/system_i/axi_ad9361/inst/i_dev_if/i_clk/i_rx_clk_ibuf/O
                         net (fo=1, routed)           2.522     7.466    i_system_wrapper/system_i/axi_ad9361/inst/i_dev_if/i_clk/clk_ibuf_s
    BUFGCTRL_X0Y17       BUFG (Prop_bufg_I_O)         0.102     7.568 f  i_system_wrapper/system_i/axi_ad9361/inst/i_dev_if/i_clk/i_clk_gbuf/O
                         net (fo=6152, routed)        2.076     9.644    i_system_wrapper/system_i/axi_ad9361/inst/i_dev_if/g_rx_data[4].i_rx_data/clk
    ILOGIC_X1Y140        IDDR                                         f  i_system_wrapper/system_i/axi_ad9361/inst/i_dev_if/g_rx_data[4].i_rx_data/i_rx_data_iddr/C
  -------------------------------------------------------------------    -------------------

Slack:                    inf
  Source:                 rx_clk_in_p
                            (clock source 'rx_clk'  {rise@0.000ns fall@4.000ns period=8.000ns})
  Destination:            i_system_wrapper/system_i/axi_ad9361/inst/i_dev_if/g_rx_data[5].i_rx_data/i_rx_data_iddr/C
  Path Group:             (none)
  Path Type:              Max at Slow Process Corner
  Data Path Delay:        5.644ns  (logic 1.046ns (18.529%)  route 4.598ns (81.471%))
  Logic Levels:           2  (BUFG=1 IBUFDS=1)
  Clock Uncertainty:      0.025ns  ((TSJ^2 + TIJ^2)^1/2 + DJ) / 2 + PE
    Total System Jitter     (TSJ):    0.050ns
    Total Input Jitter      (TIJ):    0.000ns
    Discrete Jitter          (DJ):    0.000ns
    Phase Error              (PE):    0.000ns

    Location             Delay type                Incr(ns)  Path(ns)    Netlist Resource(s)
  -------------------------------------------------------------------    -------------------
                         (clock rx_clk fall edge)     4.000     4.000 f  
    K17                                               0.000     4.000 f  rx_clk_in_p (IN)
                         net (fo=0)                   0.000     4.000    i_system_wrapper/system_i/axi_ad9361/inst/i_dev_if/i_clk/rx_clk_in_p
    K17                  IBUFDS (Prop_ibufds_I_O)     0.944     4.944 f  i_system_wrapper/system_i/axi_ad9361/inst/i_dev_if/i_clk/i_rx_clk_ibuf/O
                         net (fo=1, routed)           2.522     7.466    i_system_wrapper/system_i/axi_ad9361/inst/i_dev_if/i_clk/clk_ibuf_s
    BUFGCTRL_X0Y17       BUFG (Prop_bufg_I_O)         0.102     7.568 f  i_system_wrapper/system_i/axi_ad9361/inst/i_dev_if/i_clk/i_clk_gbuf/O
                         net (fo=6152, routed)        2.076     9.644    i_system_wrapper/system_i/axi_ad9361/inst/i_dev_if/g_rx_data[5].i_rx_data/clk
    ILOGIC_X1Y138        IDDR                                         f  i_system_wrapper/system_i/axi_ad9361/inst/i_dev_if/g_rx_data[5].i_rx_data/i_rx_data_iddr/C
  -------------------------------------------------------------------    -------------------

Slack:                    inf
  Source:                 rx_clk_in_p
                            (clock source 'rx_clk'  {rise@0.000ns fall@4.000ns period=8.000ns})
  Destination:            i_system_wrapper/system_i/axi_ad9361/inst/i_dev_if/i_rx_frame/i_rx_data_iddr/C
  Path Group:             (none)
  Path Type:              Max at Slow Process Corner
  Data Path Delay:        5.641ns  (logic 1.046ns (18.539%)  route 4.595ns (81.461%))
  Logic Levels:           2  (BUFG=1 IBUFDS=1)
  Clock Uncertainty:      0.025ns  ((TSJ^2 + TIJ^2)^1/2 + DJ) / 2 + PE
    Total System Jitter     (TSJ):    0.050ns
    Total Input Jitter      (TIJ):    0.000ns
    Discrete Jitter          (DJ):    0.000ns
    Phase Error              (PE):    0.000ns

    Location             Delay type                Incr(ns)  Path(ns)    Netlist Resource(s)
  -------------------------------------------------------------------    -------------------
                         (clock rx_clk fall edge)     4.000     4.000 f  
    K17                                               0.000     4.000 f  rx_clk_in_p (IN)
                         net (fo=0)                   0.000     4.000    i_system_wrapper/system_i/axi_ad9361/inst/i_dev_if/i_clk/rx_clk_in_p
    K17                  IBUFDS (Prop_ibufds_I_O)     0.944     4.944 f  i_system_wrapper/system_i/axi_ad9361/inst/i_dev_if/i_clk/i_rx_clk_ibuf/O
                         net (fo=1, routed)           2.522     7.466    i_system_wrapper/system_i/axi_ad9361/inst/i_dev_if/i_clk/clk_ibuf_s
    BUFGCTRL_X0Y17       BUFG (Prop_bufg_I_O)         0.102     7.568 f  i_system_wrapper/system_i/axi_ad9361/inst/i_dev_if/i_clk/i_clk_gbuf/O
                         net (fo=6152, routed)        2.073     9.641    i_system_wrapper/system_i/axi_ad9361/inst/i_dev_if/i_rx_frame/clk
    ILOGIC_X1Y136        IDDR                                         f  i_system_wrapper/system_i/axi_ad9361/inst/i_dev_if/i_rx_frame/i_rx_data_iddr/C
  -------------------------------------------------------------------    -------------------





